// Jest Snapshot v1, https://goo.gl/fbAQLP

exports[`Layout renders children correctly 1`] = `
<div>
  <div
    className="root"
  >
    <div
      className="container"
    >
      <div
        className="banner"
      >
        <h1
          className="bannerTitle"
        >
          To Do Events
        </h1>
        <div>
          All data backed by thisÂ 
          <a
            href="https://calendar.google.com/calendar/embed?src=on5u94ds1i0opo6ikcud037kig%40group.calendar.google.com&ctz=Asia%2FTaipei"
            rel="noopener noreferrer"
            target="_blank"
          >
            Public Google Calendar
          </a>
        </div>
      </div>
    </div>
  </div>
  <div
    className="child"
  />
</div>
`;
